Algebraic Matrix CLI v1.0
Available commands:
  - create
  - load
  - help
  - exit
> Matrix 'A' created:
  Dimensions: 2 x 2
Available commands:
  - create
  - delete
  - assign
  - scalar_multiply
  - transpose
  - rank
  - det
  - inverse
  - list
  - show
  - save
  - load
  - help
  - exit
> Assign value for element in (0, 0)
> Assign value for element in (0, 1)
> Assign value for element in (1, 0)
> Assign value for element in (1, 1)
> Available commands:
  - create
  - delete
  - assign
  - scalar_multiply
  - transpose
  - rank
  - det
  - inverse
  - list
  - show
  - save
  - load
  - help
  - exit
> Matrix 'B' created:
  Dimensions: 2 x 2
Available commands:
  - create
  - delete
  - assign
  - scalar_multiply
  - transpose
  - rank
  - det
  - inverse
  - add
  - subtract
  - multiply
  - solve
  - list
  - show
  - save
  - load
  - help
  - exit
> Assign value for element in (0, 0)
> Assign value for element in (0, 1)
> Assign value for element in (1, 0)
> Assign value for element in (1, 1)
> Available commands:
  - create
  - delete
  - assign
  - scalar_multiply
  - transpose
  - rank
  - det
  - inverse
  - add
  - subtract
  - multiply
  - solve
  - list
  - show
  - save
  - load
  - help
  - exit
> Available commands:
  - create
  - delete
  - assign
  - scalar_multiply
  - transpose
  - rank
  - det
  - inverse
  - add
  - subtract
  - multiply
  - solve
  - list
  - show
  - save
  - load
  - help
  - exit
> Available commands:
  - create
  - delete
  - assign
  - scalar_multiply
  - transpose
  - rank
  - det
  - inverse
  - add
  - subtract
  - multiply
  - solve
  - list
  - show
  - save
  - load
  - help
  - exit
> Available commands:
  - create
  - delete
  - assign
  - scalar_multiply
  - transpose
  - rank
  - det
  - inverse
  - add
  - subtract
  - multiply
  - solve
  - list
  - show
  - save
  - load
  - help
  - exit
> Available commands:
  - create
  - delete
  - assign
  - scalar_multiply
  - transpose
  - rank
  - det
  - inverse
  - add
  - subtract
  - multiply
  - solve
  - list
  - show
  - save
  - load
  - help
  - exit
> Available commands:
  - create
  - delete
  - assign
  - scalar_multiply
  - transpose
  - rank
  - det
  - inverse
  - add
  - subtract
  - multiply
  - solve
  - list
  - show
  - save
  - load
  - help
  - exit
> Rank of matrix 'A' is: 2
Available commands:
  - create
  - delete
  - assign
  - scalar_multiply
  - transpose
  - rank
  - det
  - inverse
  - add
  - subtract
  - multiply
  - solve
  - list
  - show
  - save
  - load
  - help
  - exit
> Determinant of matrix 'A' is: -2
Available commands:
  - create
  - delete
  - assign
  - scalar_multiply
  - transpose
  - rank
  - det
  - inverse
  - add
  - subtract
  - multiply
  - solve
  - list
  - show
  - save
  - load
  - help
  - exit
> Available commands:
  - create
  - delete
  - assign
  - scalar_multiply
  - transpose
  - rank
  - det
  - inverse
  - add
  - subtract
  - multiply
  - solve
  - list
  - show
  - save
  - load
  - help
  - exit
> Matrix 'H':
| -2.000|  1.000|
|  1.500| -0.500|

Available commands:
  - create
  - delete
  - assign
  - scalar_multiply
  - transpose
  - rank
  - det
  - inverse
  - add
  - subtract
  - multiply
  - solve
  - list
  - show
  - save
  - load
  - help
  - exit
> Matrix 'b' created:
  Dimensions: 2 x 1
Available commands:
  - create
  - delete
  - assign
  - scalar_multiply
  - transpose
  - rank
  - det
  - inverse
  - add
  - subtract
  - multiply
  - solve
  - list
  - show
  - save
  - load
  - help
  - exit
> Assign value for element in (0, 0)
> Assign value for element in (1, 0)
> Available commands:
  - create
  - delete
  - assign
  - scalar_multiply
  - transpose
  - rank
  - det
  - inverse
  - add
  - subtract
  - multiply
  - solve
  - list
  - show
  - save
  - load
  - help
  - exit
> The system has a unique solution, saved as 'X'.
Available commands:
  - create
  - delete
  - assign
  - scalar_multiply
  - transpose
  - rank
  - det
  - inverse
  - add
  - subtract
  - multiply
  - solve
  - list
  - show
  - save
  - load
  - help
  - exit
> Matrix 'X':
|  0.000|
|  0.500|

Matrix 'b':
|  1.000|
|  2.000|

Matrix 'H':
| -2.000|  1.000|
|  1.500| -0.500|

Matrix 'F':
|  2.000|  6.000|
|  4.000|  8.000|

Matrix 'E':
| 19.000| 22.000|
| 43.000| 50.000|

Matrix 'A':
|  1.000|  2.000|
|  3.000|  4.000|

Matrix 'D':
|  4.000|  4.000|
|  4.000|  4.000|

Matrix 'C':
|  6.000|  8.000|
| 10.000| 12.000|

Matrix 'B':
|  5.000|  6.000|
|  7.000|  8.000|

Available commands:
  - create
  - delete
  - assign
  - scalar_multiply
  - transpose
  - rank
  - det
  - inverse
  - add
  - subtract
  - multiply
  - solve
  - list
  - show
  - save
  - load
  - help
  - exit
> Workspace saved successfully as 'workspaces/workspace_success.txt'.
Available commands:
  - create
  - delete
  - assign
  - scalar_multiply
  - transpose
  - rank
  - det
  - inverse
  - add
  - subtract
  - multiply
  - solve
  - list
  - show
  - save
  - load
  - help
  - exit
> Workspace loaded successfully from 'workspaces/workspace_success.txt'.
Available commands:
  - create
  - delete
  - assign
  - scalar_multiply
  - transpose
  - rank
  - det
  - inverse
  - add
  - subtract
  - multiply
  - solve
  - list
  - show
  - save
  - load
  - help
  - exit
> Available commands:
  - solve : solve <resultName> <matrixA> <columnB>
      Solve the linear system Ax=b and store the result.

  - det : det <matName>
      Get the determinant of a matrix.

  - load : load <filename>
      Load a workspace from a file.

  - save : save <filename>
      Save the current workspace to a file.

  - exit : exit
      Exit the CLI.

  - rank : rank <matName>
      Get the rank of a matrix.

  - scalar_multiply : scalar_multiply <resultName> <matName> <scalar>
      Multiply a matrix by a scalar and store the result.

  - multiply : multiply <resultName> <mat1Name> <mat2Name>
      Multiply two matrices and store the result.

  - inverse : inverse <resultName> <matName>
      Get the inverse of a matrix and store it.

  - subtract : subtract <resultName> <mat1Name> <mat2Name>
      Subtract one matrix from another and store the result.

  - add : add <resultName> <mat1Name> <mat2Name>
      Add two matrices and store the result.

  - list : list
      List all matrices in the workspace.

  - assign : assign <matName>
      Assign values to a matrix interactively.

  - help : help
      Display this help message.

  - show : show <matName>
      Display the contents of a matrix.

  - transpose : transpose <matName>
      Transpose a matrix.

  - delete : delete <matName>
      Delete a matrix from the workspace.

  - create : create <matName> <rows> <cols> [initValue]
      Create a new matrix with optional initial value.

Available commands:
  - create
  - delete
  - assign
  - scalar_multiply
  - transpose
  - rank
  - det
  - inverse
  - add
  - subtract
  - multiply
  - solve
  - list
  - show
  - save
  - load
  - help
  - exit
> Matrix 'B' deleted from workspace.
Available commands:
  - create
  - delete
  - assign
  - scalar_multiply
  - transpose
  - rank
  - det
  - inverse
  - add
  - subtract
  - multiply
  - solve
  - list
  - show
  - save
  - load
  - help
  - exit
> Exiting CLI.
