Algebraic Matrix CLI v1.0
Available commands:
  - create
  - load
  - help
  - exit
> Matrix 'A' created:
  Dimensions: 2 x 2
Available commands:
  - create
  - delete
  - assign
  - scalar_multiply
  - transpose
  - rank
  - det
  - inverse
  - list
  - show
  - save
  - load
  - help
  - exit
> Assign value for element in (0, 0)
> Assign value for element in (0, 1)
> Assign value for element in (1, 0)
> Assign value for element in (1, 1)
> Available commands:
  - create
  - delete
  - assign
  - scalar_multiply
  - transpose
  - rank
  - det
  - inverse
  - list
  - show
  - save
  - load
  - help
  - exit
> Determinant of matrix 'A' is: 1
Available commands:
  - create
  - delete
  - assign
  - scalar_multiply
  - transpose
  - rank
  - det
  - inverse
  - list
  - show
  - save
  - load
  - help
  - exit
> Available commands:
  - create
  - delete
  - assign
  - scalar_multiply
  - transpose
  - rank
  - det
  - inverse
  - add
  - subtract
  - multiply
  - solve
  - list
  - show
  - save
  - load
  - help
  - exit
> Matrix 'Ainv':
|  3.000| -1.000|
| -5.000|  2.000|

Available commands:
  - create
  - delete
  - assign
  - scalar_multiply
  - transpose
  - rank
  - det
  - inverse
  - add
  - subtract
  - multiply
  - solve
  - list
  - show
  - save
  - load
  - help
  - exit
> Matrix 'b' created:
  Dimensions: 2 x 1
Available commands:
  - create
  - delete
  - assign
  - scalar_multiply
  - transpose
  - rank
  - det
  - inverse
  - add
  - subtract
  - multiply
  - solve
  - list
  - show
  - save
  - load
  - help
  - exit
> Assign value for element in (0, 0)
> Assign value for element in (1, 0)
> Available commands:
  - create
  - delete
  - assign
  - scalar_multiply
  - transpose
  - rank
  - det
  - inverse
  - add
  - subtract
  - multiply
  - solve
  - list
  - show
  - save
  - load
  - help
  - exit
> The system has a unique solution, saved as 'x'.
Available commands:
  - create
  - delete
  - assign
  - scalar_multiply
  - transpose
  - rank
  - det
  - inverse
  - add
  - subtract
  - multiply
  - solve
  - list
  - show
  - save
  - load
  - help
  - exit
> Matrix 'x':
|  1.000|
| -1.000|

Available commands:
  - create
  - delete
  - assign
  - scalar_multiply
  - transpose
  - rank
  - det
  - inverse
  - add
  - subtract
  - multiply
  - solve
  - list
  - show
  - save
  - load
  - help
  - exit
> Exiting CLI.
