Algebraic Matrix CLI v1.0
Available commands:
  - create
  - load
  - help
  - exit
> Matrix 'Huge' created:
  Dimensions: 1000 x 1000
Available commands:
  - create
  - delete
  - assign
  - scalar_multiply
  - transpose
  - rank
  - det
  - inverse
  - list
  - show
  - save
  - load
  - help
  - exit
> Matrix too large - exceeds 10 million elements.
Command execution failed. Please try again. Type 'help' for commands and formats
Available commands:
  - create
  - delete
  - assign
  - scalar_multiply
  - transpose
  - rank
  - det
  - inverse
  - list
  - show
  - save
  - load
  - help
  - exit
> Exiting CLI.
